// Vitest Snapshot v1, https://vitest.dev/guide/snapshot.html

exports[`Search Item > renders correctly 1`] = `
<div>
  <div
    class="search-item"
  >
    <h2>
      <a
        href="test-link/test"
        target="_blank"
      >
        Title
      </a>
    </h2>
    <p
      class="display-link"
    >
      test-link
    </p>
    <p>
      bla bla bla
    </p>
  </div>
</div>
`;
